// Jest Snapshot v1, https://goo.gl/fbAQLP

exports[`<TennisScoreTracker /> renders the tennis score tracker 1`] = `
<div>
  <div
    className="title-section"
  >
    <div>
      Status: 
      inplay
    </div>
    <div>
      Winner: 
      ...
    </div>
  </div>
  <div
    className="container"
  >
    <div>
      <div
        className="player-name"
      >
        player1
      </div>
      <div
        className="player-score-content"
      >
        <div>
          sets:
        </div>
        <div>
          0
        </div>
        <div>
          games:
        </div>
        <div>
          0
        </div>
        <div>
          score:
        </div>
        <div
          className="score-main-value"
        >
          0
        </div>
        <div
          className="scored"
        >
          <button
            disabled={false}
            onClick={[Function]}
          >
            player1
             scored!
          </button>
        </div>
      </div>
    </div>
    <div
      className="tiebreak-mode-false"
    >
      <div>
        Tiebreak:
      </div>
      <div
        className="tiebreak-content"
      >
        <div
          className="score-tiebreak"
        >
          0
        </div>
        <div
          className="score-tiebreak"
        >
          0
        </div>
      </div>
    </div>
    <div>
      <div
        className="player-name"
      >
        player2
      </div>
      <div
        className="player-score-content"
      >
        <div>
          sets:
        </div>
        <div>
          0
        </div>
        <div>
          games:
        </div>
        <div>
          0
        </div>
        <div>
          score:
        </div>
        <div
          className="score-main-value"
        >
          0
        </div>
        <div
          className="scored"
        >
          <button
            disabled={false}
            onClick={[Function]}
          >
            player2
             scored!
          </button>
        </div>
      </div>
    </div>
  </div>
  <table>
    <thead>
      <tr>
        <td>
          <span>
            Scoreboard:
          </span>
        </td>
      </tr>
    </thead>
    <tbody>
      <tr>
        <td
          className="player-historic-name"
        >
          player 1:
        </td>
      </tr>
      <tr>
        <td
          className="player-historic-name"
        >
          player 2:
        </td>
      </tr>
    </tbody>
  </table>
  <div
    className="title-section"
  >
    <div>
      Other actions:
    </div>
    <button
      onClick={[Function]}
    >
      Reset the match and start again!
    </button>
  </div>
</div>
`;
