// Jest Snapshot v1, https://goo.gl/fbAQLP

exports[`<HistoricScoreBoard /> renders the historic scoreboard 1`] = `
<section>
  <table>
    <thead>
      <tr>
        <td>
          <h3>
            Scoreboard:
          </h3>
        </td>
      </tr>
    </thead>
    <tbody>
      <tr>
        <td
          className="player-historic-name"
        >
          player 1:
        </td>
        <td
          className="player-historic-value"
        >
          6
        </td>
        <td
          className="player-historic-value"
        >
          6
        </td>
      </tr>
      <tr>
        <td
          className="player-historic-name"
        >
          player 2:
        </td>
        <td
          className="player-historic-value"
        >
          4
        </td>
        <td
          className="player-historic-value"
        >
          4
        </td>
      </tr>
    </tbody>
  </table>
</section>
`;
