// Jest Snapshot v1, https://goo.gl/fbAQLP

exports[`<MatchScoreTracker /> renders the match score tracker 1`] = `
<section
  className="container"
>
  <article>
    <h3
      className="player-name"
    >
      player1
    </h3>
    <h4
      className="player-score-content"
    >
      <div>
        sets:
      </div>
      <div>
        0
      </div>
      <div>
        games:
      </div>
      <div>
        0
      </div>
      <div>
        score:
      </div>
      <div
        className="score-main-value"
      >
        0
      </div>
      <div
        className="scored"
      >
        <button
          disabled={false}
          onClick={[Function]}
        >
          player1
           scored!
        </button>
      </div>
    </h4>
  </article>
  <article
    className="tiebreak-mode-false"
  >
    <h3>
      Tiebreak:
    </h3>
    <div
      className="tiebreak-content"
    >
      <div
        className="score-tiebreak"
      >
        0
      </div>
      <div
        className="score-tiebreak"
      >
        0
      </div>
    </div>
  </article>
  <article>
    <h3
      className="player-name"
    >
      player2
    </h3>
    <h4
      className="player-score-content"
    >
      <div>
        sets:
      </div>
      <div>
        0
      </div>
      <div>
        games:
      </div>
      <div>
        0
      </div>
      <div>
        score:
      </div>
      <div
        className="score-main-value"
      >
        0
      </div>
      <div
        className="scored"
      >
        <button
          disabled={false}
          onClick={[Function]}
        >
          player2
           scored!
        </button>
      </div>
    </h4>
  </article>
</section>
`;
