// Jest Snapshot v1, https://goo.gl/fbAQLP

exports[`<MatchScoreTracker /> renders the match score tracker 1`] = `
<div
  className="container"
>
  <div>
    <div
      className="player-name"
    >
      player1
    </div>
    <div
      className="player-score-content"
    >
      <div>
        sets:
      </div>
      <div>
        0
      </div>
      <div>
        games:
      </div>
      <div>
        0
      </div>
      <div>
        score:
      </div>
      <div
        className="score-main-value"
      >
        0
      </div>
      <div
        className="scored"
      >
        <button
          disabled={false}
          onClick={[Function]}
        >
          player1
           scored!
        </button>
      </div>
    </div>
  </div>
  <div
    className="tiebreak-mode-false"
  >
    <div>
      Tiebreak:
    </div>
    <div
      className="tiebreak-content"
    >
      <div
        className="score-tiebreak"
      >
        0
      </div>
      <div
        className="score-tiebreak"
      >
        0
      </div>
    </div>
  </div>
  <div>
    <div
      className="player-name"
    >
      player2
    </div>
    <div
      className="player-score-content"
    >
      <div>
        sets:
      </div>
      <div>
        0
      </div>
      <div>
        games:
      </div>
      <div>
        0
      </div>
      <div>
        score:
      </div>
      <div
        className="score-main-value"
      >
        0
      </div>
      <div
        className="scored"
      >
        <button
          disabled={false}
          onClick={[Function]}
        >
          player2
           scored!
        </button>
      </div>
    </div>
  </div>
</div>
`;
